// Jest Snapshot v1, https://goo.gl/fbAQLP

exports[`SizeGroup component Render correcty 1`] = `
{
  "asFragment": [Function],
  "baseElement": <body>
    <div>
      <p
        class="chakra-text css-1f7e0rw"
      >
        Choose a Size
      </p>
      <div
        class="chakra-radio-group css-0"
        role="radiogroup"
      >
        <div
          class="chakra-stack css-1f0wxn3"
        >
          <div
            class="css-98f1jl"
          >
            <label
              class="chakra-radio css-1nqw95c"
            >
              <input
                class="chakra-radio__input"
                id="radio-:r1:"
                name="radio-:r0:"
                style="border: 0px; clip: rect(0px, 0px, 0px, 0px); height: 1px; width: 1px; margin: -1px; padding: 0px; overflow: hidden; white-space: nowrap; position: absolute;"
                type="radio"
                value="Small"
              />
              <span
                aria-hidden="true"
                class="chakra-radio__control css-ssalds"
              />
              <span
                class="chakra-radio__label css-1y8kf23"
              >
                Small
              </span>
            </label>
          </div>
          <div
            class="css-98f1jl"
          >
            <label
              class="chakra-radio css-1nqw95c"
            >
              <input
                class="chakra-radio__input"
                id="radio-:r2:"
                name="radio-:r0:"
                style="border: 0px; clip: rect(0px, 0px, 0px, 0px); height: 1px; width: 1px; margin: -1px; padding: 0px; overflow: hidden; white-space: nowrap; position: absolute;"
                type="radio"
                value="Medium"
              />
              <span
                aria-hidden="true"
                class="chakra-radio__control css-ssalds"
              />
              <span
                class="chakra-radio__label css-1y8kf23"
              >
                Medium
              </span>
            </label>
          </div>
          <div
            class="css-98f1jl"
          >
            <label
              class="chakra-radio css-1nqw95c"
            >
              <input
                class="chakra-radio__input"
                id="radio-:r3:"
                name="radio-:r0:"
                style="border: 0px; clip: rect(0px, 0px, 0px, 0px); height: 1px; width: 1px; margin: -1px; padding: 0px; overflow: hidden; white-space: nowrap; position: absolute;"
                type="radio"
                value="Large"
              />
              <span
                aria-hidden="true"
                class="chakra-radio__control css-ssalds"
              />
              <span
                class="chakra-radio__label css-1y8kf23"
              >
                Large
              </span>
            </label>
          </div>
          <div
            class="css-98f1jl"
          >
            <label
              class="chakra-radio css-1nqw95c"
            >
              <input
                class="chakra-radio__input"
                id="radio-:r4:"
                name="radio-:r0:"
                style="border: 0px; clip: rect(0px, 0px, 0px, 0px); height: 1px; width: 1px; margin: -1px; padding: 0px; overflow: hidden; white-space: nowrap; position: absolute;"
                type="radio"
                value="Extra Large"
              />
              <span
                aria-hidden="true"
                class="chakra-radio__control css-ssalds"
              />
              <span
                class="chakra-radio__label css-1y8kf23"
              >
                Extra Large
              </span>
            </label>
          </div>
          <div
            class="css-98f1jl"
          >
            <label
              class="chakra-radio css-1nqw95c"
            >
              <input
                class="chakra-radio__input"
                id="radio-:r5:"
                name="radio-:r0:"
                style="border: 0px; clip: rect(0px, 0px, 0px, 0px); height: 1px; width: 1px; margin: -1px; padding: 0px; overflow: hidden; white-space: nowrap; position: absolute;"
                type="radio"
                value="XXL"
              />
              <span
                aria-hidden="true"
                class="chakra-radio__control css-ssalds"
              />
              <span
                class="chakra-radio__label css-1y8kf23"
              >
                XXL
              </span>
            </label>
          </div>
        </div>
      </div>
    </div>
  </body>,
  "container": <div>
    <p
      class="chakra-text css-1f7e0rw"
    >
      Choose a Size
    </p>
    <div
      class="chakra-radio-group css-0"
      role="radiogroup"
    >
      <div
        class="chakra-stack css-1f0wxn3"
      >
        <div
          class="css-98f1jl"
        >
          <label
            class="chakra-radio css-1nqw95c"
          >
            <input
              class="chakra-radio__input"
              id="radio-:r1:"
              name="radio-:r0:"
              style="border: 0px; clip: rect(0px, 0px, 0px, 0px); height: 1px; width: 1px; margin: -1px; padding: 0px; overflow: hidden; white-space: nowrap; position: absolute;"
              type="radio"
              value="Small"
            />
            <span
              aria-hidden="true"
              class="chakra-radio__control css-ssalds"
            />
            <span
              class="chakra-radio__label css-1y8kf23"
            >
              Small
            </span>
          </label>
        </div>
        <div
          class="css-98f1jl"
        >
          <label
            class="chakra-radio css-1nqw95c"
          >
            <input
              class="chakra-radio__input"
              id="radio-:r2:"
              name="radio-:r0:"
              style="border: 0px; clip: rect(0px, 0px, 0px, 0px); height: 1px; width: 1px; margin: -1px; padding: 0px; overflow: hidden; white-space: nowrap; position: absolute;"
              type="radio"
              value="Medium"
            />
            <span
              aria-hidden="true"
              class="chakra-radio__control css-ssalds"
            />
            <span
              class="chakra-radio__label css-1y8kf23"
            >
              Medium
            </span>
          </label>
        </div>
        <div
          class="css-98f1jl"
        >
          <label
            class="chakra-radio css-1nqw95c"
          >
            <input
              class="chakra-radio__input"
              id="radio-:r3:"
              name="radio-:r0:"
              style="border: 0px; clip: rect(0px, 0px, 0px, 0px); height: 1px; width: 1px; margin: -1px; padding: 0px; overflow: hidden; white-space: nowrap; position: absolute;"
              type="radio"
              value="Large"
            />
            <span
              aria-hidden="true"
              class="chakra-radio__control css-ssalds"
            />
            <span
              class="chakra-radio__label css-1y8kf23"
            >
              Large
            </span>
          </label>
        </div>
        <div
          class="css-98f1jl"
        >
          <label
            class="chakra-radio css-1nqw95c"
          >
            <input
              class="chakra-radio__input"
              id="radio-:r4:"
              name="radio-:r0:"
              style="border: 0px; clip: rect(0px, 0px, 0px, 0px); height: 1px; width: 1px; margin: -1px; padding: 0px; overflow: hidden; white-space: nowrap; position: absolute;"
              type="radio"
              value="Extra Large"
            />
            <span
              aria-hidden="true"
              class="chakra-radio__control css-ssalds"
            />
            <span
              class="chakra-radio__label css-1y8kf23"
            >
              Extra Large
            </span>
          </label>
        </div>
        <div
          class="css-98f1jl"
        >
          <label
            class="chakra-radio css-1nqw95c"
          >
            <input
              class="chakra-radio__input"
              id="radio-:r5:"
              name="radio-:r0:"
              style="border: 0px; clip: rect(0px, 0px, 0px, 0px); height: 1px; width: 1px; margin: -1px; padding: 0px; overflow: hidden; white-space: nowrap; position: absolute;"
              type="radio"
              value="XXL"
            />
            <span
              aria-hidden="true"
              class="chakra-radio__control css-ssalds"
            />
            <span
              class="chakra-radio__label css-1y8kf23"
            >
              XXL
            </span>
          </label>
        </div>
      </div>
    </div>
  </div>,
  "debug": [Function],
  "findAllByAltText": [Function],
  "findAllByDisplayValue": [Function],
  "findAllByLabelText": [Function],
  "findAllByPlaceholderText": [Function],
  "findAllByRole": [Function],
  "findAllByTestId": [Function],
  "findAllByText": [Function],
  "findAllByTitle": [Function],
  "findByAltText": [Function],
  "findByDisplayValue": [Function],
  "findByLabelText": [Function],
  "findByPlaceholderText": [Function],
  "findByRole": [Function],
  "findByTestId": [Function],
  "findByText": [Function],
  "findByTitle": [Function],
  "getAllByAltText": [Function],
  "getAllByDisplayValue": [Function],
  "getAllByLabelText": [Function],
  "getAllByPlaceholderText": [Function],
  "getAllByRole": [Function],
  "getAllByTestId": [Function],
  "getAllByText": [Function],
  "getAllByTitle": [Function],
  "getByAltText": [Function],
  "getByDisplayValue": [Function],
  "getByLabelText": [Function],
  "getByPlaceholderText": [Function],
  "getByRole": [Function],
  "getByTestId": [Function],
  "getByText": [Function],
  "getByTitle": [Function],
  "queryAllByAltText": [Function],
  "queryAllByDisplayValue": [Function],
  "queryAllByLabelText": [Function],
  "queryAllByPlaceholderText": [Function],
  "queryAllByRole": [Function],
  "queryAllByTestId": [Function],
  "queryAllByText": [Function],
  "queryAllByTitle": [Function],
  "queryByAltText": [Function],
  "queryByDisplayValue": [Function],
  "queryByLabelText": [Function],
  "queryByPlaceholderText": [Function],
  "queryByRole": [Function],
  "queryByTestId": [Function],
  "queryByText": [Function],
  "queryByTitle": [Function],
  "rerender": [Function],
  "unmount": [Function],
}
`;
