// Jest Snapshot v1, https://goo.gl/fbAQLP

exports[`Navbar component Render correcty 1`] = `
{
  "asFragment": [Function],
  "baseElement": <body>
    <div>
      <ul
        class="css-1laduhn"
        role="list"
      >
        <div
          class="css-k008qs"
        >
          <li
            class="css-1a25oy"
          >
            <a
              href="/category"
            >
              Category
            </a>
          </li>
          <li
            class="css-1a25oy"
          >
            <a
              href="/brand"
            >
              Brand
            </a>
          </li>
          <li
            class="css-1a25oy"
          >
            <a
              href="/contact"
            >
              Contact
            </a>
          </li>
          <li
            class="css-1a25oy"
          >
            <a
              href="/faq"
            >
              FAQ’s
            </a>
          </li>
        </div>
      </ul>
    </div>
  </body>,
  "container": <div>
    <ul
      class="css-1laduhn"
      role="list"
    >
      <div
        class="css-k008qs"
      >
        <li
          class="css-1a25oy"
        >
          <a
            href="/category"
          >
            Category
          </a>
        </li>
        <li
          class="css-1a25oy"
        >
          <a
            href="/brand"
          >
            Brand
          </a>
        </li>
        <li
          class="css-1a25oy"
        >
          <a
            href="/contact"
          >
            Contact
          </a>
        </li>
        <li
          class="css-1a25oy"
        >
          <a
            href="/faq"
          >
            FAQ’s
          </a>
        </li>
      </div>
    </ul>
  </div>,
  "debug": [Function],
  "findAllByAltText": [Function],
  "findAllByDisplayValue": [Function],
  "findAllByLabelText": [Function],
  "findAllByPlaceholderText": [Function],
  "findAllByRole": [Function],
  "findAllByTestId": [Function],
  "findAllByText": [Function],
  "findAllByTitle": [Function],
  "findByAltText": [Function],
  "findByDisplayValue": [Function],
  "findByLabelText": [Function],
  "findByPlaceholderText": [Function],
  "findByRole": [Function],
  "findByTestId": [Function],
  "findByText": [Function],
  "findByTitle": [Function],
  "getAllByAltText": [Function],
  "getAllByDisplayValue": [Function],
  "getAllByLabelText": [Function],
  "getAllByPlaceholderText": [Function],
  "getAllByRole": [Function],
  "getAllByTestId": [Function],
  "getAllByText": [Function],
  "getAllByTitle": [Function],
  "getByAltText": [Function],
  "getByDisplayValue": [Function],
  "getByLabelText": [Function],
  "getByPlaceholderText": [Function],
  "getByRole": [Function],
  "getByTestId": [Function],
  "getByText": [Function],
  "getByTitle": [Function],
  "queryAllByAltText": [Function],
  "queryAllByDisplayValue": [Function],
  "queryAllByLabelText": [Function],
  "queryAllByPlaceholderText": [Function],
  "queryAllByRole": [Function],
  "queryAllByTestId": [Function],
  "queryAllByText": [Function],
  "queryAllByTitle": [Function],
  "queryByAltText": [Function],
  "queryByDisplayValue": [Function],
  "queryByLabelText": [Function],
  "queryByPlaceholderText": [Function],
  "queryByRole": [Function],
  "queryByTestId": [Function],
  "queryByText": [Function],
  "queryByTitle": [Function],
  "rerender": [Function],
  "unmount": [Function],
}
`;
